// Jest Snapshot v1, https://goo.gl/fbAQLP

exports[`Nav component matches snapshot 1`] = `
<DocumentFragment>
  <header>
    <nav>
      <ul
        class="flex-row"
      >
        <li
          class="mx-2"
        >
          <a
            data-testid="home"
            href="/"
          >
            Home
          </a>
        </li>
        <li
          class="mx-2"
        >
          <a
            data-testid="about"
            href="#about"
          >
            About
          </a>
        </li>
        <li
          class="mx-1"
        >
          <span>
            work
          </span>
        </li>
        <li
          class="mx-1"
        >
          <span>
            resume
          </span>
        </li>
        <li>
          <span>
            Contact
          </span>
        </li>
      </ul>
    </nav>
  </header>
</DocumentFragment>
`;
